// Vitest Snapshot v1, https://vitest.dev/guide/snapshot.html

exports[`lint fixtures > reports the expected diagnostics 1`] = `
[
  {
    "code": "unicorn(prefer-node-protocol)",
    "filename": "scripts/build.ts",
    "severity": "error",
  },
  {
    "code": "eslint(no-console)",
    "filename": "src/app.tsx",
    "severity": "warning",
  },
  {
    "code": "react-hooks(rules-of-hooks)",
    "filename": "src/app.tsx",
    "severity": "error",
  },
  {
    "code": "typescript(no-floating-promises)",
    "filename": "src/app.tsx",
    "severity": "error",
  },
  {
    "code": "unicorn(prefer-node-protocol)",
    "filename": "src/commonjs.cjs",
    "severity": "error",
  },
  {
    "code": "eslint(no-console)",
    "filename": "src/legacy.js",
    "severity": "warning",
  },
  {
    "code": "eslint(no-undef)",
    "filename": "src/legacy.js",
    "severity": "error",
  },
  {
    "code": "eslint(no-var)",
    "filename": "src/legacy.js",
    "severity": "error",
  },
]
`;

exports[`resolved configuration > enabled rule inventory 1`] = `
{
  "categories": {
    "correctness": "deny",
  },
  "env": {
    "builtin": true,
  },
  "globals": {},
  "ignorePatterns": [
    "**/node_modules/**",
  ],
  "options": {
    "typeAware": true,
  },
  "overrides": [
    {
      "env": {
        "browser": true,
      },
      "files": [
        "src/**",
      ],
      "globals": null,
      "plugins": null,
      "rules": {
        "no-undef": "deny",
        "react/exhaustive-deps": "warn",
        "react/rules-of-hooks": "deny",
      },
    },
    {
      "env": {
        "browser": true,
        "node": true,
      },
      "files": [
        "tests/**",
      ],
      "globals": null,
      "plugins": null,
      "rules": {
        "no-undef": "deny",
        "node/no-new-require": "deny",
        "node/no-path-concat": "deny",
        "unicorn/no-process-exit": "deny",
        "unicorn/prefer-import-meta-properties": "deny",
      },
    },
    {
      "env": {
        "node": true,
      },
      "files": [
        "scripts/**",
        "**/*.config.ts",
      ],
      "globals": null,
      "plugins": null,
      "rules": {
        "no-console": "allow",
        "no-undef": "deny",
        "no-unused-expressions": [
          "deny",
          [
            {
              "allowTaggedTemplates": true,
            },
          ],
        ],
        "node/no-new-require": "deny",
        "node/no-path-concat": "deny",
        "unicorn/no-process-exit": "allow",
        "unicorn/prefer-import-meta-properties": "deny",
      },
    },
    {
      "env": {
        "commonjs": true,
      },
      "files": [
        "**/*.cjs",
        "**/*.cts",
      ],
      "globals": null,
      "plugins": null,
      "rules": {},
    },
  ],
  "plugins": [
    "react",
    "unicorn",
    "typescript",
    "oxc",
    "import",
    "jsx-a11y",
    "node",
  ],
  "rules": {
    "constructor-super": "deny",
    "for-direction": "deny",
    "getter-return": "deny",
    "import/default": "deny",
    "import/namespace": "deny",
    "jsx_a11y/alt-text": "deny",
    "jsx_a11y/anchor-has-content": "deny",
    "jsx_a11y/anchor-is-valid": "deny",
    "jsx_a11y/aria-activedescendant-has-tabindex": "deny",
    "jsx_a11y/aria-props": "deny",
    "jsx_a11y/aria-proptypes": "deny",
    "jsx_a11y/aria-role": "deny",
    "jsx_a11y/aria-unsupported-elements": "deny",
    "jsx_a11y/autocomplete-valid": "deny",
    "jsx_a11y/click-events-have-key-events": "deny",
    "jsx_a11y/control-has-associated-label": "deny",
    "jsx_a11y/heading-has-content": "deny",
    "jsx_a11y/html-has-lang": "deny",
    "jsx_a11y/iframe-has-title": "deny",
    "jsx_a11y/img-redundant-alt": "deny",
    "jsx_a11y/interactive-supports-focus": "deny",
    "jsx_a11y/label-has-associated-control": "deny",
    "jsx_a11y/lang": "deny",
    "jsx_a11y/media-has-caption": "deny",
    "jsx_a11y/mouse-events-have-key-events": "deny",
    "jsx_a11y/no-access-key": "deny",
    "jsx_a11y/no-aria-hidden-on-focusable": "deny",
    "jsx_a11y/no-autofocus": "deny",
    "jsx_a11y/no-distracting-elements": "deny",
    "jsx_a11y/no-interactive-element-to-noninteractive-role": "deny",
    "jsx_a11y/no-noninteractive-element-interactions": "deny",
    "jsx_a11y/no-noninteractive-element-to-interactive-role": "deny",
    "jsx_a11y/no-noninteractive-tabindex": "deny",
    "jsx_a11y/no-redundant-roles": "deny",
    "jsx_a11y/no-static-element-interactions": "deny",
    "jsx_a11y/prefer-tag-over-role": "deny",
    "jsx_a11y/role-has-required-aria-props": "deny",
    "jsx_a11y/role-supports-aria-props": "deny",
    "jsx_a11y/scope": "deny",
    "jsx_a11y/tabindex-no-positive": "deny",
    "no-async-promise-executor": "deny",
    "no-caller": "deny",
    "no-class-assign": "deny",
    "no-compare-neg-zero": "deny",
    "no-cond-assign": "deny",
    "no-console": "warn",
    "no-const-assign": "deny",
    "no-constant-binary-expression": "deny",
    "no-constant-condition": "deny",
    "no-control-regex": "deny",
    "no-debugger": "deny",
    "no-delete-var": "deny",
    "no-dupe-class-members": "deny",
    "no-dupe-else-if": "deny",
    "no-dupe-keys": "deny",
    "no-duplicate-case": "deny",
    "no-empty-character-class": "deny",
    "no-empty-pattern": "deny",
    "no-empty-static-block": "deny",
    "no-eval": "deny",
    "no-ex-assign": "deny",
    "no-extra-boolean-cast": "deny",
    "no-func-assign": "deny",
    "no-global-assign": "deny",
    "no-import-assign": "deny",
    "no-invalid-regexp": "deny",
    "no-irregular-whitespace": "deny",
    "no-iterator": "deny",
    "no-loss-of-precision": "deny",
    "no-misleading-character-class": "deny",
    "no-new-native-nonconstructor": "deny",
    "no-nonoctal-decimal-escape": "deny",
    "no-obj-calls": "deny",
    "no-self-assign": "deny",
    "no-setter-return": "deny",
    "no-shadow-restricted-names": "deny",
    "no-sparse-arrays": "deny",
    "no-this-before-super": "deny",
    "no-unassigned-vars": "deny",
    "no-unreachable": "deny",
    "no-unsafe-finally": "deny",
    "no-unsafe-negation": "deny",
    "no-unsafe-optional-chaining": "deny",
    "no-unused-expressions": "deny",
    "no-unused-labels": "deny",
    "no-unused-private-class-members": "deny",
    "no-unused-vars": "deny",
    "no-useless-backreference": "deny",
    "no-useless-catch": "deny",
    "no-useless-escape": "deny",
    "no-useless-rename": "deny",
    "no-var": "deny",
    "no-with": "deny",
    "oxc/bad-array-method-on-arguments": "deny",
    "oxc/bad-char-at-comparison": "deny",
    "oxc/bad-comparison-sequence": "deny",
    "oxc/bad-match-all-arg": "deny",
    "oxc/bad-min-max-func": "deny",
    "oxc/bad-object-literal-comparison": "deny",
    "oxc/bad-replace-all-arg": "deny",
    "oxc/const-comparisons": "deny",
    "oxc/double-comparisons": "deny",
    "oxc/erasing-op": "deny",
    "oxc/missing-throw": "deny",
    "oxc/number-arg-out-of-range": "deny",
    "oxc/only-used-in-recursion": "deny",
    "oxc/uninvoked-array-callback": "deny",
    "prefer-const": "deny",
    "react/error-boundaries": "deny",
    "react/exhaustive-deps": "deny",
    "react/forward-ref-uses-ref": "deny",
    "react/globals": "deny",
    "react/immutability": "deny",
    "react/incompatible-library": "deny",
    "react/jsx-key": "deny",
    "react/jsx-no-duplicate-props": "deny",
    "react/jsx-no-undef": "deny",
    "react/jsx-props-no-spread-multi": "deny",
    "react/no-children-prop": "deny",
    "react/no-danger-with-children": "deny",
    "react/no-did-mount-set-state": "deny",
    "react/no-did-update-set-state": "deny",
    "react/no-direct-mutation-state": "deny",
    "react/no-find-dom-node": "deny",
    "react/no-is-mounted": "deny",
    "react/no-render-return-value": "deny",
    "react/no-string-refs": "deny",
    "react/no-this-in-sfc": "deny",
    "react/no-unsafe": "deny",
    "react/no-will-update-set-state": "deny",
    "react/preserve-manual-memoization": "deny",
    "react/purity": "deny",
    "react/refs": "deny",
    "react/set-state-in-effect": "deny",
    "react/set-state-in-render": "deny",
    "react/static-components": "deny",
    "react/use-memo": "deny",
    "react/void-dom-elements-no-children": "deny",
    "react/void-use-memo": "deny",
    "require-yield": "deny",
    "typescript/await-thenable": "deny",
    "typescript/consistent-type-definitions": [
      "deny",
      [
        "interface",
      ],
    ],
    "typescript/consistent-type-imports": "deny",
    "typescript/no-array-delete": "deny",
    "typescript/no-base-to-string": "deny",
    "typescript/no-duplicate-enum-values": "deny",
    "typescript/no-duplicate-type-constituents": "deny",
    "typescript/no-extra-non-null-assertion": "deny",
    "typescript/no-floating-promises": "deny",
    "typescript/no-for-in-array": "deny",
    "typescript/no-implied-eval": "deny",
    "typescript/no-meaningless-void-operator": "deny",
    "typescript/no-misused-new": "deny",
    "typescript/no-misused-promises": "deny",
    "typescript/no-misused-spread": "deny",
    "typescript/no-non-null-asserted-optional-chain": "deny",
    "typescript/no-non-null-assertion": "deny",
    "typescript/no-redundant-type-constituents": "deny",
    "typescript/no-this-alias": "deny",
    "typescript/no-unnecessary-parameter-property-assignment": "deny",
    "typescript/no-unnecessary-type-assertion": "deny",
    "typescript/no-unsafe-declaration-merging": "deny",
    "typescript/no-unsafe-unary-minus": "deny",
    "typescript/no-useless-default-assignment": "deny",
    "typescript/no-useless-empty-export": "deny",
    "typescript/no-wrapper-object-types": "deny",
    "typescript/prefer-as-const": "deny",
    "typescript/prefer-namespace-keyword": "deny",
    "typescript/require-array-sort-compare": "deny",
    "typescript/restrict-template-expressions": "deny",
    "typescript/triple-slash-reference": "deny",
    "typescript/unbound-method": "deny",
    "unicorn/no-await-in-promise-methods": "deny",
    "unicorn/no-empty-file": "deny",
    "unicorn/no-invalid-fetch-options": "deny",
    "unicorn/no-invalid-remove-event-listener": "deny",
    "unicorn/no-new-array": "deny",
    "unicorn/no-single-promise-in-promise-methods": "deny",
    "unicorn/no-thenable": "deny",
    "unicorn/no-unnecessary-await": "deny",
    "unicorn/no-useless-fallback-in-spread": "deny",
    "unicorn/no-useless-length-check": "deny",
    "unicorn/no-useless-spread": "deny",
    "unicorn/prefer-array-some": "deny",
    "unicorn/prefer-includes": "deny",
    "unicorn/prefer-node-protocol": "deny",
    "unicorn/prefer-set-size": "deny",
    "unicorn/prefer-string-starts-ends-with": "deny",
    "unicorn/text-encoding-identifier-case": "deny",
    "use-isnan": "deny",
    "valid-typeof": "deny",
  },
  "settings": {
    "jest": {
      "version": null,
    },
    "jsdoc": {
      "augmentsExtendsReplacesDocs": false,
      "exemptDestructuredRootsFromChecks": false,
      "ignoreInternal": false,
      "ignorePrivate": false,
      "ignoreReplacesDocs": true,
      "implementsReplacesDocs": false,
      "overrideReplacesDocs": true,
      "tagNamePreference": {},
    },
    "jsx-a11y": {
      "attributes": {},
      "components": {},
      "polymorphicPropName": null,
    },
    "next": {
      "rootDir": [],
    },
    "react": {
      "componentWrapperFunctions": [],
      "formComponents": [],
      "linkComponents": [],
      "version": null,
    },
    "vitest": {
      "typecheck": false,
    },
  },
}
`;
